[2026-05-31 11:36:02] [INFO] 
[2026-05-31 11:36:02] [INFO] ======================================================================
[2026-05-31 11:36:02] [INFO]   NEU-DET 数据集预处理
[2026-05-31 11:36:02] [INFO] ======================================================================
[2026-05-31 11:36:02] [INFO] 开始时间: 2026-05-31 11:36:02
[2026-05-31 11:36:02] [INFO] 数据集路径: D:/industrialDefectData/archive/NEU-DET
[2026-05-31 11:36:02] [INFO] 输出路径: ./neu-det-yolo
[2026-05-31 11:36:02] [INFO] 目标图像尺寸: 640x640
[2026-05-31 11:36:02] [INFO] 
[2026-05-31 11:36:02] [INFO] ======================================================================
[2026-05-31 11:36:02] [INFO]   处理 train 数据集
[2026-05-31 11:36:02] [INFO] ======================================================================
[2026-05-31 11:36:02] [INFO] 输入标注目录: D:/industrialDefectData/archive/NEU-DET\train\annotations
[2026-05-31 11:36:02] [INFO] 输入图像目录: D:/industrialDefectData/archive/NEU-DET\train\images
[2026-05-31 11:36:02] [INFO] 输出图像目录: ./neu-det-yolo\train\images
[2026-05-31 11:36:02] [INFO] 输出标注目录: ./neu-det-yolo\train\labels
[2026-05-31 11:36:02] [INFO] 检测到结构B（XML平铺）: 1440 个XML文件
[2026-05-31 11:36:03] [INFO] 从XML解析得到类别: ['crazing', 'inclusion', 'patches', 'pitted_surface', 'rolled-in_scale', 'scratches']
[2026-05-31 11:36:03] [INFO] 发现 6 个类别: ['crazing', 'inclusion', 'patches', 'pitted_surface', 'rolled-in_scale', 'scratches']
[2026-05-31 11:36:03] [INFO] 
  处理类别: crazing (240 个文件)
[2026-05-31 11:36:08] [INFO] 
  处理类别: inclusion (240 个文件)
[2026-05-31 11:36:12] [INFO] 
  处理类别: patches (240 个文件)
[2026-05-31 11:36:17] [INFO] 
  处理类别: pitted_surface (240 个文件)
[2026-05-31 11:36:22] [INFO] 
  处理类别: rolled-in_scale (240 个文件)
[2026-05-31 11:36:27] [INFO] 
  处理类别: scratches (240 个文件)
[2026-05-31 11:36:31] [INFO] 
  train 集处理完成:
[2026-05-31 11:36:31] [INFO]     成功处理图像: 1440 张
[2026-05-31 11:36:31] [INFO]     成功处理目标: 3335 个
[2026-05-31 11:36:31] [INFO]     跳过XML文件: 0 个
[2026-05-31 11:36:31] [INFO]     跳过图像文件: 0 个
[2026-05-31 11:36:31] [INFO]     边界框相对面积: 均值=0.1715, 中位数=0.1113
[2026-05-31 11:36:31] [INFO]     边界框相对面积范围: [0.0027, 0.9900]
[2026-05-31 11:36:31] [INFO]     类别分布:
[2026-05-31 11:36:31] [INFO]       crazing             :  527 ( 15.8%)
[2026-05-31 11:36:31] [INFO]       inclusion           :  852 ( 25.5%)
[2026-05-31 11:36:31] [INFO]       patches             :  688 ( 20.6%)
[2026-05-31 11:36:31] [INFO]       pitted_surface      :  345 ( 10.3%)
[2026-05-31 11:36:31] [INFO]       rolled-in_scale     :  496 ( 14.9%)
[2026-05-31 11:36:31] [INFO]       scratches           :  427 ( 12.8%)
[2026-05-31 11:36:31] [INFO] 
[2026-05-31 11:36:31] [INFO] ======================================================================
[2026-05-31 11:36:31] [INFO]   处理 validation 数据集
[2026-05-31 11:36:31] [INFO] ======================================================================
[2026-05-31 11:36:31] [INFO] 输入标注目录: D:/industrialDefectData/archive/NEU-DET\validation\annotations
[2026-05-31 11:36:31] [INFO] 输入图像目录: D:/industrialDefectData/archive/NEU-DET\validation\images
[2026-05-31 11:36:31] [INFO] 输出图像目录: ./neu-det-yolo\validation\images
[2026-05-31 11:36:31] [INFO] 输出标注目录: ./neu-det-yolo\validation\labels
[2026-05-31 11:36:31] [INFO] 检测到结构B（XML平铺）: 360 个XML文件
[2026-05-31 11:36:31] [INFO] 从XML解析得到类别: ['crazing', 'inclusion', 'patches', 'pitted_surface', 'rolled-in_scale', 'scratches']
[2026-05-31 11:36:31] [INFO] 发现 6 个类别: ['crazing', 'inclusion', 'patches', 'pitted_surface', 'rolled-in_scale', 'scratches']
[2026-05-31 11:36:31] [INFO] 
  处理类别: crazing (60 个文件)
[2026-05-31 11:36:32] [INFO] 
  处理类别: inclusion (60 个文件)
[2026-05-31 11:36:33] [INFO] 
  处理类别: patches (60 个文件)
[2026-05-31 11:36:33] [INFO] 
  处理类别: pitted_surface (60 个文件)
[2026-05-31 11:36:34] [INFO] 
  处理类别: rolled-in_scale (60 个文件)
[2026-05-31 11:36:34] [INFO] 
  处理类别: scratches (60 个文件)
[2026-05-31 11:36:35] [INFO] 
  validation 集处理完成:
[2026-05-31 11:36:35] [INFO]     成功处理图像: 360 张
[2026-05-31 11:36:35] [INFO]     成功处理目标: 854 个
[2026-05-31 11:36:35] [INFO]     跳过XML文件: 0 个
[2026-05-31 11:36:35] [INFO]     跳过图像文件: 0 个
[2026-05-31 11:36:35] [INFO]     边界框相对面积: 均值=0.1864, 中位数=0.1346
[2026-05-31 11:36:35] [INFO]     边界框相对面积范围: [0.0087, 0.9604]
[2026-05-31 11:36:35] [INFO]     类别分布:
[2026-05-31 11:36:35] [INFO]       crazing             :  162 ( 19.0%)
[2026-05-31 11:36:35] [INFO]       inclusion           :  159 ( 18.6%)
[2026-05-31 11:36:35] [INFO]       patches             :  193 ( 22.6%)
[2026-05-31 11:36:35] [INFO]       pitted_surface      :   87 ( 10.2%)
[2026-05-31 11:36:35] [INFO]       rolled-in_scale     :  132 ( 15.5%)
[2026-05-31 11:36:35] [INFO]       scratches           :  121 ( 14.2%)
[2026-05-31 11:36:35] [INFO] 
[2026-05-31 11:36:35] [INFO] ======================================================================
[2026-05-31 11:36:35] [INFO]   生成YOLO配置文件
[2026-05-31 11:36:35] [INFO] ======================================================================
[2026-05-31 11:36:35] [INFO] YOLO配置文件: ./neu-det-yolo\neu-det.yaml
[2026-05-31 11:36:35] [INFO]   path: D:\industrialDefectData\neu-det-yolo
[2026-05-31 11:36:35] [INFO]   train: train/images
[2026-05-31 11:36:35] [INFO]   val: validation/images
[2026-05-31 11:36:35] [INFO]   nc: 6
[2026-05-31 11:36:35] [INFO]   names: {0: 'crazing', 1: 'inclusion', 2: 'patches', 3: 'pitted_surface', 4: 'rolled-in_scale', 5: 'scratches'}
[2026-05-31 11:36:35] [INFO] 数据集信息文件: ./neu-det-yolo\dataset_info.yaml
[2026-05-31 11:36:35] [INFO] 
[2026-05-31 11:36:35] [INFO] ======================================================================
[2026-05-31 11:36:35] [INFO]   数据集统计分析
[2026-05-31 11:36:35] [INFO] ======================================================================
[2026-05-31 11:36:35] [INFO] 
  train 集:
[2026-05-31 11:36:35] [INFO]     图像数量: 1440
[2026-05-31 11:36:35] [INFO]     目标数量: 3335
[2026-05-31 11:36:35] [INFO]     平均每图目标: 2.32
[2026-05-31 11:36:35] [INFO]     边界框面积: 均值=0.1715, 中位数=0.1113
[2026-05-31 11:36:35] [INFO]     边界框面积范围: [0.0027, 0.9900]
[2026-05-31 11:36:35] [INFO]     类别分布:
[2026-05-31 11:36:35] [INFO]       crazing             :  527 ( 15.8%)
[2026-05-31 11:36:35] [INFO]       inclusion           :  852 ( 25.5%)
[2026-05-31 11:36:35] [INFO]       patches             :  688 ( 20.6%)
[2026-05-31 11:36:35] [INFO]       pitted_surface      :  345 ( 10.3%)
[2026-05-31 11:36:35] [INFO]       rolled-in_scale     :  496 ( 14.9%)
[2026-05-31 11:36:35] [INFO]       scratches           :  427 ( 12.8%)
[2026-05-31 11:36:35] [INFO] 
  validation 集:
[2026-05-31 11:36:35] [INFO]     图像数量: 360
[2026-05-31 11:36:35] [INFO]     目标数量: 854
[2026-05-31 11:36:35] [INFO]     平均每图目标: 2.37
[2026-05-31 11:36:35] [INFO]     边界框面积: 均值=0.1864, 中位数=0.1346
[2026-05-31 11:36:35] [INFO]     边界框面积范围: [0.0087, 0.9604]
[2026-05-31 11:36:35] [INFO]     类别分布:
[2026-05-31 11:36:35] [INFO]       crazing             :  162 ( 19.0%)
[2026-05-31 11:36:35] [INFO]       inclusion           :  159 ( 18.6%)
[2026-05-31 11:36:35] [INFO]       patches             :  193 ( 22.6%)
[2026-05-31 11:36:35] [INFO]       pitted_surface      :   87 ( 10.2%)
[2026-05-31 11:36:35] [INFO]       rolled-in_scale     :  132 ( 15.5%)
[2026-05-31 11:36:35] [INFO]       scratches           :  121 ( 14.2%)
[2026-05-31 11:36:35] [INFO] 
统计报告已保存: ./neu-det-yolo\dataset_statistics.txt
[2026-05-31 11:36:35] [INFO] 
[2026-05-31 11:36:35] [INFO] ======================================================================
[2026-05-31 11:36:35] [INFO]   生成样本可视化图
[2026-05-31 11:36:35] [INFO] ======================================================================
[2026-05-31 11:36:41] [INFO] 样本可视化图已保存: ./neu-det-yolo\dataset_samples.png
[2026-05-31 11:36:41] [INFO] 
[2026-05-31 11:36:41] [INFO] ======================================================================
[2026-05-31 11:36:41] [INFO]   生成类别分布图
[2026-05-31 11:36:41] [INFO] ======================================================================
[2026-05-31 11:36:42] [INFO] 类别分布图已保存: ./neu-det-yolo\class_distribution.png
[2026-05-31 11:36:42] [INFO] 
[2026-05-31 11:36:42] [INFO] ======================================================================
[2026-05-31 11:36:42] [INFO]   生成边界框分布图
[2026-05-31 11:36:42] [INFO] ======================================================================
[2026-05-31 11:36:43] [INFO] 边界框分布图已保存: ./neu-det-yolo\bbox_distribution.png
[2026-05-31 11:36:43] [INFO] 
[2026-05-31 11:36:43] [INFO] ======================================================================
[2026-05-31 11:36:43] [INFO]   处理完成
[2026-05-31 11:36:43] [INFO] ======================================================================
[2026-05-31 11:36:43] [INFO] 结束时间: 2026-05-31 11:36:43
[2026-05-31 11:36:43] [INFO] 日志文件: ./neu-det-yolo\preprocess.log
[2026-05-31 11:36:43] [INFO] 
输出文件:
[2026-05-31 11:36:43] [INFO]   YOLO配置: ./neu-det-yolo\neu-det.yaml
[2026-05-31 11:36:43] [INFO]   数据集信息: ./neu-det-yolo\dataset_info.yaml
[2026-05-31 11:36:43] [INFO]   统计报告: ./neu-det-yolo\dataset_statistics.txt
[2026-05-31 11:36:43] [INFO]   样本图: ./neu-det-yolo\dataset_samples.png
[2026-05-31 11:36:43] [INFO]   类别分布: ./neu-det-yolo\class_distribution.png
[2026-05-31 11:36:43] [INFO]   边界框分布: ./neu-det-yolo\bbox_distribution.png
[2026-05-31 11:36:43] [INFO] 
训练命令示例:
[2026-05-31 11:36:43] [INFO]   yolo detect train data=./neu-det-yolo\neu-det.yaml model=yolov8n.pt epochs=200 imgsz=640
[2026-05-31 11:36:43] [INFO]   yolo detect train data=./neu-det-yolo\neu-det.yaml model=yolov8s.pt epochs=300 imgsz=640 batch=16
